###############################################################################
#
# IAR ELF Linker V7.70.1.11437/W32 for ARM                17/Feb/2022  00:26:55
# Copyright 2007-2016 IAR Systems AB.
#
#    Output file  =  
#        H:\01_Embedded_Abdelrahman_Magdy\01_ARM\06_Mina\TIVA_C-TM4C123GXL-\01_MCAL\03_Timer\01_GPT_PRESCALLER_16BIT_1SEC\Debug\Exe\GPT.out
#    Map file     =  
#        H:\01_Embedded_Abdelrahman_Magdy\01_ARM\06_Mina\TIVA_C-TM4C123GXL-\01_MCAL\03_Timer\01_GPT_PRESCALLER_16BIT_1SEC\Debug\List\GPT.map
#    Command line =  
#        H:\01_Embedded_Abdelrahman_Magdy\01_ARM\06_Mina\TIVA_C-TM4C123GXL-\01_MCAL\03_Timer\01_GPT_PRESCALLER_16BIT_1SEC\Debug\Obj\cstartup_M.o
#        H:\01_Embedded_Abdelrahman_Magdy\01_ARM\06_Mina\TIVA_C-TM4C123GXL-\01_MCAL\03_Timer\01_GPT_PRESCALLER_16BIT_1SEC\Debug\Obj\main.o
#        -o
#        H:\01_Embedded_Abdelrahman_Magdy\01_ARM\06_Mina\TIVA_C-TM4C123GXL-\01_MCAL\03_Timer\01_GPT_PRESCALLER_16BIT_1SEC\Debug\Exe\GPT.out
#        --redirect _Printf=_PrintfFull --redirect _Scanf=_ScanfFull --map
#        H:\01_Embedded_Abdelrahman_Magdy\01_ARM\06_Mina\TIVA_C-TM4C123GXL-\01_MCAL\03_Timer\01_GPT_PRESCALLER_16BIT_1SEC\Debug\List\GPT.map
#        --config "C:\Program Files (x86)\IAR Systems\Embedded Workbench
#        7.5\arm\config\linker\TexasInstruments\TM4C123GH6.icf" --semihosting
#        --entry __iar_program_start --vfe
#
###############################################################################

*******************************************************************************
*** RUNTIME MODEL ATTRIBUTES
***

CppFlavor       = *
__SystemLibrary = DLib


*******************************************************************************
*** PLACEMENT SUMMARY
***

"A0":  place at 0x00000000 { ro section .intvec };
"P1":  place in [from 0x00000000 to 0x0003ffff] { ro };
"P2":  place in [from 0x20000000 to 0x20007fff] { rw, block CSTACK, block HEAP };

  Section          Kind        Address    Size  Object
  -------          ----        -------    ----  ------
"A0":                                     0x90
  .intvec          const    0x00000000    0x90  cstartup_M.o [1]
                          - 0x00000090    0x90

"P1":                                    0x214
  .text            ro code  0x00000090   0x114  main.o [1]
  .text            ro code  0x000001a4    0x40  zero_init3.o [5]
  .text            ro code  0x000001e4    0x28  data_init.o [5]
  .text            ro code  0x0000020c    0x22  fpinit_M.o [4]
  .iar.init_table  const    0x00000230    0x10  - Linker created -
  .text            ro code  0x00000240     0x2  cstartup_M.o [1]
  .text            ro code  0x00000244    0x1a  cmain.o [5]
  .text            ro code  0x0000025e     0x4  low_level_init.o [3]
  .text            ro code  0x00000262     0x4  exit.o [3]
  .text            ro code  0x00000266     0x2  cstartup_M.o [1]
  .text            ro code  0x00000268     0xa  cexit.o [5]
  .text            ro code  0x00000272     0x2  cstartup_M.o [1]
  .text            ro code  0x00000274    0x14  exit.o [6]
  .text            ro code  0x00000288    0x10  cstartup_M.o [1]
  .text            ro code  0x00000298     0x2  cstartup_M.o [1]
  .text            ro code  0x0000029a     0x2  cstartup_M.o [1]
  .text            ro code  0x0000029c     0x2  cstartup_M.o [1]
  .text            ro code  0x0000029e     0x2  cstartup_M.o [1]
  .text            ro code  0x000002a0     0x2  cstartup_M.o [1]
  .text            ro code  0x000002a2     0x2  cstartup_M.o [1]
  .rodata          const    0x000002a4     0x0  zero_init3.o [5]
                          - 0x000002a4   0x214

"P2", part 1 of 2:                         0x4
  .bss             zero     0x20000000     0x4  main.o [1]
                          - 0x20000004     0x4

"P2", part 2 of 2:                      0x1000
  CSTACK                    0x20000008  0x1000  <Block>
    CSTACK         uninit   0x20000008  0x1000  <Block tail>
                          - 0x20001008  0x1000


*******************************************************************************
*** INIT TABLE
***

          Address     Size
          -------     ----
Zero (__iar_zero_init3)
    1 destination range, total size 0x4:
          0x20000000   0x4



*******************************************************************************
*** MODULE SUMMARY
***

    Module            ro code  ro data  rw data
    ------            -------  -------  -------
H:\01_Embedded_Abdelrahman_Magdy\01_ARM\06_Mina\TIVA_C-TM4C123GXL-\01_MCAL\03_Timer\01_GPT_PRESCALLER_16BIT_1SEC\Debug\Obj: [1]
    cstartup_M.o           34      144
    main.o                276                 4
    -------------------------------------------
    Total:                310      144        4

command line: [2]
    -------------------------------------------
    Total:

dl7M_tln.a: [3]
    exit.o                  4
    low_level_init.o        4
    -------------------------------------------
    Total:                  8

m7M_tls.a: [4]
    fpinit_M.o             34
    -------------------------------------------
    Total:                 34

rt7M_tl.a: [5]
    cexit.o                10
    cmain.o                26
    data_init.o            40
    zero_init3.o           64
    -------------------------------------------
    Total:                140

shb_l.a: [6]
    exit.o                 20
    -------------------------------------------
    Total:                 20

    Gaps                    2        2
    Linker created                  16    4 096
-----------------------------------------------
    Grand Total:          514      162    4 100


*******************************************************************************
*** ENTRY LIST
***

Entry                      Address  Size  Type      Object
-----                      -------  ----  ----      ------
.iar.init_table$$Base   0x00000230         --   Gb  - Linker created -
.iar.init_table$$Limit  0x00000240         --   Gb  - Linker created -
?main                   0x00000245        Code  Gb  cmain.o [5]
Abdo_Handelar           0x00000153  0x18  Code  Gb  main.o [1]
BusFault_Handler        0x00000299   0x2  Code  Wk  cstartup_M.o [1]
CSTACK$$Base            0x20000008         --   Gb  - Linker created -
CSTACK$$Limit           0x20001008         --   Gb  - Linker created -
DebugMon_Handler        0x0000029f   0x2  Code  Wk  cstartup_M.o [1]
Global_intFlatOT        0x20000000   0x4  Data  Gb  main.o [1]
HardFault_Handler       0x00000267   0x2  Code  Wk  cstartup_M.o [1]
MemManage_Handler       0x00000273   0x2  Code  Wk  cstartup_M.o [1]
NMI_Handler             0x00000241   0x2  Code  Wk  cstartup_M.o [1]
PendSV_Handler          0x000002a1   0x2  Code  Wk  cstartup_M.o [1]
Region$$Table$$Base     0x00000230         --   Gb  - Linker created -
Region$$Table$$Limit    0x00000240         --   Gb  - Linker created -
SVC_Handler             0x0000029d   0x2  Code  Wk  cstartup_M.o [1]
SysTick_Handler         0x000002a3   0x2  Code  Wk  cstartup_M.o [1]
UsageFault_Handler      0x0000029b   0x2  Code  Wk  cstartup_M.o [1]
__cmain                 0x00000245        Code  Gb  cmain.o [5]
__exit                  0x00000275  0x14  Code  Gb  exit.o [6]
__iar_data_init3        0x000001e5  0x28  Code  Gb  data_init.o [5]
__iar_init_vfp          0x0000020d        Code  Gb  fpinit_M.o [4]
__iar_program_start     0x00000289  0x10  Code  Gb  cstartup_M.o [1]
__iar_zero_init3        0x000001a5  0x40  Code  Gb  zero_init3.o [5]
__low_level_init        0x0000025f   0x4  Code  Gb  low_level_init.o [3]
__vector_table          0x00000000  0x90  Data  Gb  cstartup_M.o [1]
_call_main              0x00000251        Code  Gb  cmain.o [5]
_exit                   0x00000269        Code  Gb  cexit.o [5]
_main                   0x0000025b        Code  Gb  cmain.o [5]
exit                    0x00000263   0x4  Code  Gb  exit.o [3]
main                    0x00000091  0xc2  Code  Gb  main.o [1]


[1] = H:\01_Embedded_Abdelrahman_Magdy\01_ARM\06_Mina\TIVA_C-TM4C123GXL-\01_MCAL\03_Timer\01_GPT_PRESCALLER_16BIT_1SEC\Debug\Obj
[2] = command line
[3] = dl7M_tln.a
[4] = m7M_tls.a
[5] = rt7M_tl.a
[6] = shb_l.a

    514 bytes of readonly  code memory
    162 bytes of readonly  data memory
  4 100 bytes of readwrite data memory

Errors: none
Warnings: none
